// Jest Snapshot v1, https://goo.gl/fbAQLP

exports[`should render the pagination given the props 1`] = `
<styled.footer>
  <span
    aria-label="smile"
    role="img"
  >
    made by VinÃ­cius Gonzalez ðŸ¤“ - 2020
  </span>
</styled.footer>
`;
